2026-03-20 08:39:15 pid:1 Workerman[index.php] start in DEBUG mode
2026-03-20 08:52:55 pid:1 Workerman[index.php] received signal SIGQUIT
2026-03-20 08:52:55 pid:1 Workerman[index.php] stopping
2026-03-20 08:52:55 pid:1 Workerman[index.php] has been stopped
2026-03-20 09:03:28 pid:1 Workerman[index.php] start in DEBUG mode
2026-03-20 09:06:58 pid:1 Workerman[index.php] received signal SIGQUIT
2026-03-20 09:06:58 pid:1 Workerman[index.php] stopping
2026-03-20 09:06:58 pid:1 Workerman[index.php] has been stopped
2026-03-20 09:06:59 pid:1 Workerman[index.php] start in DEBUG mode
2026-03-20 12:23:20 pid:1 Workerman[index.php] received signal SIGQUIT
2026-03-20 12:23:20 pid:1 Workerman[index.php] stopping
2026-03-20 12:23:20 pid:1 Workerman[index.php] has been stopped
2026-03-20 16:00:11 pid:1 Workerman[index.php] start in DEBUG mode
2026-03-20 16:00:48 pid:1 Workerman[index.php] received signal SIGQUIT
2026-03-20 16:00:48 pid:1 Workerman[index.php] stopping
2026-03-20 16:00:59 pid:1 Workerman[index.php] start in DEBUG mode
2026-03-20 16:03:41 pid:1 Workerman[index.php] reloading
2026-03-20 16:04:57 pid:1 Workerman[index.php] received signal SIGQUIT
2026-03-20 16:04:57 pid:1 Workerman[index.php] stopping
2026-03-20 16:05:08 pid:1 Workerman[index.php] start in DEBUG mode
